Microchip MPLAB XC8 Compiler V1.44 ()

Linker command line:

-W-3 --edf=C:\Program Files (x86)\Microchip\xc8\v1.44\dat\en_msgs.txt -cs \
  -h+dist/default/production\Robot_Zumo.X.production.sym \
  --cmf=dist/default/production\Robot_Zumo.X.production.cmf -z -Q18F47K40 \
  -oC:\Users\quiqu\AppData\Local\Temp\shf8.2 \
  -Mdist/default/production/Robot_Zumo.X.production.map -E1 -ver=XC8 \
  -ASTACK=015Eh-0e87h -pstack=STACK -ACODE=00h-01FFFFh -ACONST=00h-01FFFFh \
  -ASMALLCONST=0F00h-0FFFhx497 -AMEDIUMCONST=0F00h-0FFFFh,010F00h-01FFFFh \
  -ACOMRAM=01h-05Fh -AABS1=00h-0E87h -ABIGRAM=01h-0E87h \
  -ARAM=060h-0FFh,0100h-01FFhx13,0E00h-0E87h -ABANK0=060h-0FFh \
  -ABANK1=0100h-01FFh -ABANK2=0200h-02FFh -ABANK3=0300h-03FFh \
  -ABANK4=0400h-04FFh -ABANK5=0500h-05FFh -ABANK6=0600h-06FFh \
  -ABANK7=0700h-07FFh -ABANK8=0800h-08FFh -ABANK9=0900h-09FFh \
  -ABANK10=0A00h-0AFFh -ABANK11=0B00h-0BFFh -ABANK12=0C00h-0CFFh \
  -ABANK13=0D00h-0DFFh -ABANK14=0E00h-0E87h \
  -ASFR=0E8Dh-0EFFh,0F00h-0F5Fh,0F60h-0FFFh \
  -preset_vec=00h,intcode=08h,intcodelo=018h,powerup,init -pramtop=0F00h \
  -psmallconst=SMALLCONST -pmediumconst=MEDIUMCONST -pconst=CONST \
  -AFARRAM=00h-00h -ACONFIG=0300000h-030000Bh -pconfig=CONFIG \
  -AIDLOC=0200000h-020000Fh -pidloc=IDLOC -AEEDATA=0310000h-03103FFh \
  -peeprom_data=EEDATA \
  -prdata=COMRAM,nvrram=COMRAM,nvbit=COMRAM,rbss=COMRAM,rbit=COMRAM \
  -pfarbss=FARRAM,fardata=FARRAM,nvFARRAM=FARRAM \
  -pintsave_regs=BIGRAM,bigbss=BIGRAM,bigdata=BIGRAM -pbss=RAM \
  -pidata=CODE,irdata=CODE,ibigdata=CODE,ifardata=CODE -prparam=COMRAM \
  C:\Users\quiqu\AppData\Local\Temp\shf8.obj \
  dist/default/production\Robot_Zumo.X.production.obj 

Object code version is 3.11

Machine type is 18F47K40

Call graph: (short form)




                Name                               Link     Load   Length Selector   Space Scale
C:\Users\quiqu\AppData\Local\Temp\shf8.obj
                init                                 D2       D2        4        C       0
                reset_vec                             0        0        4        0       0
                idloc                            200000   200000       10   200000       0
                config                           300000   300000        C   300000       0
dist/default/production\Robot_Zumo.X.production.obj
                intcodelo                            18       18       BA        C       0
                intcode                               8        8        6        4       0
                temp                                 5F       5F        1        1       1
                smallconst                          F00      F00       3C      780       0
                text138                            2B88     2B88       AE      79E       0
                text137                            228A     228A       F4      79E       0
                text136                            3E88     3E88        C      79E       0
                text135                            3EBA     3EBA        4      79E       0
                text134                            3EB6     3EB6        4      79E       0
                text133                            3E94     3E94        A      79E       0
                text132                            19E2     19E2      1AC      79E       0
                text131                            254C     254C       E6      79E       0
                text130                            3B3A     3B3A       24      79E       0
                text129                            2196     2196       F4      79E       0
                text128                            3B16     3B16       24      79E       0
                text127                            3A84     3A84       26      79E       0
                text126                            2716     2716       D6      79E       0
                text125                            382A     382A       2C      79E       0
                text124                            37FE     37FE       2C      79E       0
                text123                            3E62     3E62        E      79E       0
                text122                            30D8     30D8       68      79E       0
                text121                            3070     3070       68      79E       0
                text120                            3D70     3D70       12      79E       0
                text119                            3BFE     3BFE       20      79E       0
                text118                            3D5E     3D5E       12      79E       0
                text117                            3BDE     3BDE       20      79E       0
                text116                            28B4     28B4       BC      79E       0
                text115                            2F1E     2F1E       72      79E       0
                text114                            38FE     38FE       2A      79E       0
                text113                            38D4     38D4       2A      79E       0
                text112                            38AA     38AA       2A      79E       0
                text111                            3EC8     3EC8        2      79E       0
                text110                            32B0     32B0       56      79E       0
                text109                            3EC6     3EC6        2      79E       0
                text108                            3EC4     3EC4        2      79E       0
                text107                            3EC2     3EC2        2      79E       0
                text106                            3880     3880       2A      79E       0
                text105                            3AF2     3AF2       24      79E       0
                text104                            3BBE     3BBE       20      79E       0
                text103                            3C74     3C74       1C      79E       0
                text102                            3E54     3E54        E      79E       0
                text101                            3D00     3D00       16      79E       0
                text100                            3978     3978       28      79E       0
                text99                             3B9E     3B9E       20      79E       0
                text98                             3C58     3C58       1C      79E       0
                text97                             3E46     3E46        E      79E       0
                text96                             3CEA     3CEA       16      79E       0
                text95                             3950     3950       28      79E       0
                intcode_body                       2970     2970       B8      79E       0
                text93                             3E38     3E38        E      79E       0
                text92                             3E2A     3E2A        E      79E       0
                text91                             3306     3306       54      79E       0
                text90                             2AD8     2AD8       B0      79E       0
                text89                             20A0     20A0       F6      79E       0
                text88                             1EB2     1EB2       F8      79E       0
                text87                             3A5E     3A5E       26      79E       0
                text86                             13E2     13E2      246      79E       0
                text85                             3EB2     3EB2        4      79E       0
                text84                             31FA     31FA       5C      79E       0
                text83                             2CDC     2CDC       A4      79E       0
                text82                             3EAE     3EAE        4      79E       0
                text81                             2C36     2C36       A6      79E       0
                text80                             2E9A     2E9A       84      79E       0
                text79                             3EC0     3EC0        2      79E       0
                text78                             3ACE     3ACE       24      79E       0
                text77                             3B7E     3B7E       20      79E       0
                text76                             3CD4     3CD4       16      79E       0
                text74                             3E1C     3E1C        E      79E       0
                text73                             3C90     3C90       18      79E       0
                text72                             3E0E     3E0E        E      79E       0
                text71                             3E00     3E00        E      79E       0
                text70                             3DF2     3DF2        E      79E       0
                text69                             3DE4     3DE4        E      79E       0
                text68                             2632     2632       E4      79E       0
                text67                             3C3C     3C3C       1C      79E       0
                text66                             3CBE     3CBE       16      79E       0
                text65                             3CA8     3CA8       16      79E       0
                text64                             373C     373C       34      79E       0
                text63                             3488     3488       40      79E       0
                text62                             3C1E     3C1E       1E      79E       0
                text61                             3448     3448       40      79E       0
                text60                             3DD6     3DD6        E      79E       0
                text59                             33AC     33AC       50      79E       0
                text58                             37D0     37D0       2E      79E       0
                text57                             3DC8     3DC8        E      79E       0
                text56                             37A0     37A0       30      79E       0
                text55                             3770     3770       30      79E       0
                text54                             3DBA     3DBA        E      79E       0
                text53                             3D4C     3D4C       12      79E       0
                text52                             2D80     2D80       94      79E       0
                text51                             3B5E     3B5E       20      79E       0
                text50                             3708     3708       34      79E       0
                text49                             3E7C     3E7C        C      79E       0
                text48                             3EAA     3EAA        4      79E       0
                text47                             3EA6     3EA6        4      79E       0
                text46                             3E70     3E70        C      79E       0
                text45                             2A28     2A28       B0      79E       0
                text44                             1834     1834      1AE      79E       0
                text43                             237E     237E       E8      79E       0
                text42                             3A38     3A38       26      79E       0
                text41                             1DBA     1DBA       F8      79E       0
                text40                             3A12     3A12       26      79E       0
                text39                             3928     3928       28      79E       0
                text38                             2466     2466       E6      79E       0
                text37                              F3C      F3C      4A6      79E       0
                text36                             3140     3140       5E      79E       0
                text35                             3DAC     3DAC        E      79E       0
                text34                             335A     335A       52      79E       0
                text33                             2E14     2E14       86      79E       0
                text32                             3256     3256       5A      79E       0
                text31                             1628     1628      20C      79E       0
                text30                             3D9E     3D9E        E      79E       0
                text29                             1B8E     1B8E      120      79E       0
                text28                             1FAA     1FAA       F6      79E       0
                text27                             3000     3000       70      79E       0
                text26                             3D3A     3D3A       12      79E       0
                text25                             39EC     39EC       26      79E       0
                text24                             2F90     2F90       70      79E       0
                text23                             39C6     39C6       26      79E       0
                text22                             36D4     36D4       34      79E       0
                text21                             3D28     3D28       12      79E       0
                text20                             36A0     36A0       34      79E       0
                text19                             3D16     3D16       12      79E       0
                text18                             3582     3582       3E      79E       0
                text17                             3544     3544       3E      79E       0
                text16                             3506     3506       3E      79E       0
                text15                             34C8     34C8       3E      79E       0
                text14                             3668     3668       38      79E       0
                text13                             3EBE     3EBE        2      79E       0
                text12                             33FC     33FC       4C      79E       0
                text11                             3630     3630       38      79E       0
                text10                             35F8     35F8       38      79E       0
                text9                              35C0     35C0       38      79E       0
                text8                              3AAA     3AAA       24      79E       0
                text7                              3856     3856       2A      79E       0
                text6                              3D90     3D90        E      79E       0
                text5                              3EA2     3EA2        4      79E       0
                text4                              3D82     3D82        E      79E       0
                text3                              3E9E     3E9E        4      79E       0
                text2                              319E     319E       5C      79E       0
                text1                              27EC     27EC       C8      79E       0
                text0                              1CAE     1CAE      10C      79E       0
                cstackCOMRAM                          1        1       5C        1       1
                cstackBANK0                          60       60       4B       60       1
                cstackBANK1                         100      100       4B      100       1
                bssBANK1                            14B      14B       10      100       1
                bssBANK0                             AB       AB       2D       60       1
                bssCOMRAM                            5D       5D        2        1       1
                cinit                              39A0     39A0       26      79E       0
                nvBANK1                             15B      15B        3      100       1
                nvBANK0                              D8       D8       1D       60       1

TOTAL           Name                               Link     Load   Length     Space
        CLASS   STACK          

        CLASS   CODE           
                intcodelo                            18       18       BA         0
                intcode                               8        8        6         0
                init                                 D2       D2        4         0
                reset_vec                             0        0        4         0
                text138                            2B88     2B88       AE         0
                text137                            228A     228A       F4         0
                text136                            3E88     3E88        C         0
                text135                            3EBA     3EBA        4         0
                text134                            3EB6     3EB6        4         0
                text133                            3E94     3E94        A         0
                text132                            19E2     19E2      1AC         0
                text131                            254C     254C       E6         0
                text130                            3B3A     3B3A       24         0
                text129                            2196     2196       F4         0
                text128                            3B16     3B16       24         0
                text127                            3A84     3A84       26         0
                text126                            2716     2716       D6         0
                text125                            382A     382A       2C         0
                text124                            37FE     37FE       2C         0
                text123                            3E62     3E62        E         0
                text122                            30D8     30D8       68         0
                text121                            3070     3070       68         0
                text120                            3D70     3D70       12         0
                text119                            3BFE     3BFE       20         0
                text118                            3D5E     3D5E       12         0
                text117                            3BDE     3BDE       20         0
                text116                            28B4     28B4       BC         0
                text115                            2F1E     2F1E       72         0
                text114                            38FE     38FE       2A         0
                text113                            38D4     38D4       2A         0
                text112                            38AA     38AA       2A         0
                text111                            3EC8     3EC8        2         0
                text110                            32B0     32B0       56         0
                text109                            3EC6     3EC6        2         0
                text108                            3EC4     3EC4        2         0
                text107                            3EC2     3EC2        2         0
                text106                            3880     3880       2A         0
                text105                            3AF2     3AF2       24         0
                text104                            3BBE     3BBE       20         0
                text103                            3C74     3C74       1C         0
                text102                            3E54     3E54        E         0
                text101                            3D00     3D00       16         0
                text100                            3978     3978       28         0
                text99                             3B9E     3B9E       20         0
                text98                             3C58     3C58       1C         0
                text97                             3E46     3E46        E         0
                text96                             3CEA     3CEA       16         0
                text95                             3950     3950       28         0
                intcode_body                       2970     2970       B8         0
                text93                             3E38     3E38        E         0
                text92                             3E2A     3E2A        E         0
                text91                             3306     3306       54         0
                text90                             2AD8     2AD8       B0         0
                text89                             20A0     20A0       F6         0
                text88                             1EB2     1EB2       F8         0
                text87                             3A5E     3A5E       26         0
                text86                             13E2     13E2      246         0
                text85                             3EB2     3EB2        4         0
                text84                             31FA     31FA       5C         0
                text83                             2CDC     2CDC       A4         0
                text82                             3EAE     3EAE        4         0
                text81                             2C36     2C36       A6         0
                text80                             2E9A     2E9A       84         0
                text79                             3EC0     3EC0        2         0
                text78                             3ACE     3ACE       24         0
                text77                             3B7E     3B7E       20         0
                text76                             3CD4     3CD4       16         0
                text74                             3E1C     3E1C        E         0
                text73                             3C90     3C90       18         0
                text72                             3E0E     3E0E        E         0
                text71                             3E00     3E00        E         0
                text70                             3DF2     3DF2        E         0
                text69                             3DE4     3DE4        E         0
                text68                             2632     2632       E4         0
                text67                             3C3C     3C3C       1C         0
                text66                             3CBE     3CBE       16         0
                text65                             3CA8     3CA8       16         0
                text64                             373C     373C       34         0
                text63                             3488     3488       40         0
                text62                             3C1E     3C1E       1E         0
                text61                             3448     3448       40         0
                text60                             3DD6     3DD6        E         0
                text59                             33AC     33AC       50         0
                text58                             37D0     37D0       2E         0
                text57                             3DC8     3DC8        E         0
                text56                             37A0     37A0       30         0
                text55                             3770     3770       30         0
                text54                             3DBA     3DBA        E         0
                text53                             3D4C     3D4C       12         0
                text52                             2D80     2D80       94         0
                text51                             3B5E     3B5E       20         0
                text50                             3708     3708       34         0
                text49                             3E7C     3E7C        C         0
                text48                             3EAA     3EAA        4         0
                text47                             3EA6     3EA6        4         0
                text46                             3E70     3E70        C         0
                text45                             2A28     2A28       B0         0
                text44                             1834     1834      1AE         0
                text43                             237E     237E       E8         0
                text42                             3A38     3A38       26         0
                text41                             1DBA     1DBA       F8         0
                text40                             3A12     3A12       26         0
                text39                             3928     3928       28         0
                text38                             2466     2466       E6         0
                text37                              F3C      F3C      4A6         0
                text36                             3140     3140       5E         0
                text35                             3DAC     3DAC        E         0
                text34                             335A     335A       52         0
                text33                             2E14     2E14       86         0
                text32                             3256     3256       5A         0
                text31                             1628     1628      20C         0
                text30                             3D9E     3D9E        E         0
                text29                             1B8E     1B8E      120         0
                text28                             1FAA     1FAA       F6         0
                text27                             3000     3000       70         0
                text26                             3D3A     3D3A       12         0
                text25                             39EC     39EC       26         0
                text24                             2F90     2F90       70         0
                text23                             39C6     39C6       26         0
                text22                             36D4     36D4       34         0
                text21                             3D28     3D28       12         0
                text20                             36A0     36A0       34         0
                text19                             3D16     3D16       12         0
                text18                             3582     3582       3E         0
                text17                             3544     3544       3E         0
                text16                             3506     3506       3E         0
                text15                             34C8     34C8       3E         0
                text14                             3668     3668       38         0
                text13                             3EBE     3EBE        2         0
                text12                             33FC     33FC       4C         0
                text11                             3630     3630       38         0
                text10                             35F8     35F8       38         0
                text9                              35C0     35C0       38         0
                text8                              3AAA     3AAA       24         0
                text7                              3856     3856       2A         0
                text6                              3D90     3D90        E         0
                text5                              3EA2     3EA2        4         0
                text4                              3D82     3D82        E         0
                text3                              3E9E     3E9E        4         0
                text2                              319E     319E       5C         0
                text1                              27EC     27EC       C8         0
                text0                              1CAE     1CAE      10C         0
                cinit                              39A0     39A0       26         0

        CLASS   CONST          

        CLASS   SMALLCONST     
                smallconst                          F00      F00       3C         0

        CLASS   MEDIUMCONST    

        CLASS   COMRAM         
                temp                                 5F       5F        1         1
                cstackCOMRAM                          1        1       5C         1
                bssCOMRAM                            5D       5D        2         1

        CLASS   ABS1           

        CLASS   BIGRAM         

        CLASS   RAM            

        CLASS   BANK0          
                cstackBANK0                          60       60       4B         1
                bssBANK0                             AB       AB       2D         1
                nvBANK0                              D8       D8       1D         1

        CLASS   BANK1          
                cstackBANK1                         100      100       4B         1
                bssBANK1                            14B      14B       10         1
                nvBANK1                             15B      15B        3         1

        CLASS   BANK2          

        CLASS   BANK3          

        CLASS   BANK4          

        CLASS   BANK5          

        CLASS   BANK6          

        CLASS   BANK7          

        CLASS   BANK8          

        CLASS   BANK9          

        CLASS   BANK10         

        CLASS   BANK11         

        CLASS   BANK12         

        CLASS   BANK13         

        CLASS   BANK14         

        CLASS   SFR            

        CLASS   FARRAM         

        CLASS   CONFIG         
                config                           300000   300000        C         0

        CLASS   IDLOC          
                idloc                            200000   200000       10         0

        CLASS   EEDATA         



SEGMENTS        Name                           Load    Length   Top    Selector   Space  Class

                reset_vec                      000000  000004  000004         0       0  CODE    
                cstackCOMRAM                   000001  00005F  000060         1       1  COMRAM  
                intcode                        000008  000006  00000E         4       0  CODE    
                intcodelo                      000018  0000BE  0000D6         C       0  CODE    
                cstackBANK0                    000060  000095  0000F5        60       1  BANK0   
                cstackBANK1                    000100  00005E  00015E       100       1  BANK1   
                smallconst                     000F00  00003C  000F3C       780       0  SMALLCON
                text37                         000F3C  002F8E  003ECA       79E       0  CODE    
                idloc                          200000  000010  200010    200000       0  IDLOC   
                config                         300000  00000C  30000C    300000       0  CONFIG  


UNUSED ADDRESS RANGES

        Name                Unused          Largest block    Delta
        BANK0            0000F5-0000FF                B
        BANK1            00015E-0001FF               A2
        BANK10           000A00-000AFF              100
        BANK11           000B00-000BFF              100
        BANK12           000C00-000CFF              100
        BANK13           000D00-000DFF              100
        BANK14           000E00-000E87               88
        BANK2            000200-0002FF              100
        BANK3            000300-0003FF              100
        BANK4            000400-0004FF              100
        BANK5            000500-0005FF              100
        BANK6            000600-0006FF              100
        BANK7            000700-0007FF              100
        BANK8            000800-0008FF              100
        BANK9            000900-0009FF              100
        BIGRAM           0000F5-0000FF                B
                         00015E-000E87              D2A
        CODE             000004-000007                4
                         00000E-000017                A
                         0000D6-000EFF              E2A
                         003ECA-01FFFF            1C136
        CONST            000004-000007                4
                         00000E-000017                A
                         0000D6-000EFF              E2A
                         003ECA-01FFFF            1C136
        EEDATA           310000-3103FF              400
        MEDIUMCONST      003ECA-00FFFF             C136
                         010F00-01FFFF             F100
        RAM              0000F5-0000FF                B
                         00015E-000E87              100
        SFR              000E8D-000FFF               73
        SMALLCONST       003ECA-01FFFF              100
        STACK            00015E-000E87              D2A

                                  Symbol Table

?_TMR0_ReadTimer                               cstackBANK1  000100
?_TMR1_ReadTimer                               cstackCOMRAM 000001
?_TMR3_ReadTimer                               cstackCOMRAM 000001
?___awdiv                                      cstackBANK1  000100
?___ftadd                                      cstackBANK1  00011D
?___ftdiv                                      cstackBANK1  00010B
?___ftmul                                      cstackBANK1  00010B
?___ftneg                                      cstackBANK1  00011A
?___ftpack                                     cstackBANK1  000100
?___fttol                                      cstackBANK1  000129
?___lwdiv                                      cstackBANK0  000060
?___lwtoft                                     cstackBANK1  000108
?___wmul                                       cstackBANK1  000100
?i1___ftmul                                    cstackBANK0  00006B
?i1___ftpack                                   cstackBANK0  000060
?i1___fttol                                    cstackBANK0  00007A
?i1___lwtoft                                   cstackBANK0  000068
?i2___ftadd                                    cstackCOMRAM 00001E
?i2___ftdiv                                    cstackCOMRAM 00000C
?i2___ftmul                                    cstackCOMRAM 00000C
?i2___ftneg                                    cstackCOMRAM 00001B
?i2___ftpack                                   cstackCOMRAM 000001
?i2___fttol                                    cstackCOMRAM 00002A
?i2___lwtoft                                   cstackCOMRAM 000009
?i2___wmul                                     cstackCOMRAM 000001
IOCBF0_SetInterruptHandler@InterruptHandler    cstackBANK1  000100
IOCBF1_SetInterruptHandler@InterruptHandler    cstackBANK1  000100
IOCBF2_SetInterruptHandler@InterruptHandler    cstackBANK1  000100
IOCBF3_SetInterruptHandler@InterruptHandler    cstackBANK1  000100
PWM3_LoadDutyValue@dutyValue                   cstackBANK1  000100
PWM4_LoadDutyValue@dutyValue                   cstackBANK1  000100
TMR0_ReadTimer@readVal                         cstackBANK1  000104
TMR0_ReadTimer@readValHigh                     cstackBANK1  000107
TMR0_ReadTimer@readValLow                      cstackBANK1  000106
TMR0_WriteTimer@timerVal                       cstackBANK1  000138
TMR1G_SetInterruptHandler@InterruptHandler     cstackBANK1  000100
TMR1_ReadTimer@readVal                         cstackCOMRAM 000005
TMR1_ReadTimer@readValHigh                     cstackCOMRAM 000007
TMR1_ReadTimer@readValLow                      cstackCOMRAM 000008
TMR1_WriteTimer@timerVal                       cstackCOMRAM 000001
TMR3G_SetInterruptHandler@InterruptHandler     cstackBANK1  000100
TMR3_ReadTimer@readVal                         cstackCOMRAM 000005
TMR3_ReadTimer@readValHigh                     cstackCOMRAM 000007
TMR3_ReadTimer@readValLow                      cstackCOMRAM 000008
TMR3_WriteTimer@timerVal                       cstackCOMRAM 000001
TMR5_SetInterruptHandler@InterruptHandler      cstackBANK1  000100
TMR5_WriteTimer@timerVal                       cstackBANK0  000060
_ANSELA                                        (abs)        000F11
_ANSELB                                        (abs)        000F19
_ANSELC                                        (abs)        000F21
_ANSELD                                        (abs)        000F26
_ANSELE                                        (abs)        000F2E
_CCPTMRSbits                                   (abs)        000FAE
_INTCONbits                                    (abs)        000FF2
_INTERRUPT_Initialize                          text74       003E1C
_INTERRUPT_InterruptManagerHigh                intcode      000008
_INTERRUPT_InterruptManagerLow                 intcodelo    000018
_IOCBF0_DefaultInterruptHandler                text107      003EC2
_IOCBF0_ISR                                    text114      0038FE
_IOCBF0_InterruptHandler                       nvBANK0      0000EA
_IOCBF0_SetInterruptHandler                    text72       003E0E
_IOCBF1_DefaultInterruptHandler                text108      003EC4
_IOCBF1_ISR                                    text113      0038D4
_IOCBF1_InterruptHandler                       nvBANK0      0000E7
_IOCBF1_SetInterruptHandler                    text71       003E00
_IOCBF2_DefaultInterruptHandler                text109      003EC6
_IOCBF2_ISR                                    text112      0038AA
_IOCBF2_InterruptHandler                       nvBANK0      0000E4
_IOCBF2_SetInterruptHandler                    text70       003DF2
_IOCBF3_DefaultInterruptHandler                text111      003EC8
_IOCBF3_ISR                                    text106      003880
_IOCBF3_InterruptHandler                       nvBANK0      0000E1
_IOCBF3_SetInterruptHandler                    text69       003DE4
_IOCBFbits                                     (abs)        000F12
_IOCBNbits                                     (abs)        000F13
_IOCBPbits                                     (abs)        000F14
_IPR0bits                                      (abs)        000EBA
_IPR4bits                                      (abs)        000EBE
_IPR5bits                                      (abs)        000EBF
_LATA                                          (abs)        000F83
_LATAbits                                      (abs)        000F83
_LATB                                          (abs)        000F84
_LATC                                          (abs)        000F85
_LATD                                          (abs)        000F86
_LATDbits                                      (abs)        000F86
_LATE                                          (abs)        000F87
_LATEbits                                      (abs)        000F87
_ODCONA                                        (abs)        000F0F
_ODCONB                                        (abs)        000F17
_ODCONC                                        (abs)        000F1F
_ODCOND                                        (abs)        000F24
_ODCONE                                        (abs)        000F2C
_OSCCON1                                       (abs)        000ED8
_OSCCON3                                       (abs)        000EDA
_OSCEN                                         (abs)        000EDC
_OSCFRQ                                        (abs)        000EDE
_OSCILLATOR_Initialize                         text73       003C90
_OSCTUNE                                       (abs)        000EDD
_PIE0bits                                      (abs)        000EC2
_PIE4bits                                      (abs)        000EC6
_PIE5bits                                      (abs)        000EC7
_PIN_MANAGER_IOC                               text105      003AF2
_PIN_MANAGER_Initialize                        text68       002632
_PIR0bits                                      (abs)        000ECA
_PIR4bits                                      (abs)        000ECE
_PIR5bits                                      (abs)        000ECF
_PMD0                                          (abs)        000EE1
_PMD1                                          (abs)        000EE2
_PMD2                                          (abs)        000EE3
_PMD3                                          (abs)        000EE4
_PMD4                                          (abs)        000EE5
_PMD5                                          (abs)        000EE6
_PMD_Initialize                                text67       003C3C
_PORTBbits                                     (abs)        000F8E
_PORTDbits                                     (abs)        000F90
_PR2                                           (abs)        000FBC
_PWM3CON                                       (abs)        000FA5
_PWM3DCH                                       (abs)        000FA4
_PWM3DCL                                       (abs)        000FA3
_PWM3_Initialize                               text66       003CBE
_PWM3_LoadDutyValue                            text20       0036A0
_PWM4CON                                       (abs)        000FA2
_PWM4DCH                                       (abs)        000FA1
_PWM4DCL                                       (abs)        000FA0
_PWM4_Initialize                               text65       003CA8
_PWM4_LoadDutyValue                            text22       0036D4
_RA3PPS                                        (abs)        000EEA
_RA4PPS                                        (abs)        000EEB
_SYSTEM_Initialize                             text58       0037D0
_T0CON0                                        (abs)        000FD5
_T0CON0bits                                    (abs)        000FD5
_T0CON1                                        (abs)        000FD6
_T1CLK                                         (abs)        000FD2
_T1CON                                         (abs)        000FCF
_T1CONbits                                     (abs)        000FCF
_T1GATE                                        (abs)        000FD1
_T1GCON                                        (abs)        000FD0
_T1GCONbits                                    (abs)        000FD0
_T1GPPSbits                                    (abs)        000EA6
_T2CLKCON                                      (abs)        000FBF
_T2CON                                         (abs)        000FBD
_T2CONbits                                     (abs)        000FBD
_T2HLT                                         (abs)        000FBE
_T2HLTbits                                     (abs)        000FBE
_T2PR                                          (abs)        000FBC
_T2RST                                         (abs)        000FC0
_T2RSTbits                                     (abs)        000FC0
_T2TMR                                         (abs)        000FBB
_T3CLK                                         (abs)        000FCC
_T3CON                                         (abs)        000FC9
_T3CONbits                                     (abs)        000FC9
_T3GATE                                        (abs)        000FCB
_T3GCON                                        (abs)        000FCA
_T3GCONbits                                    (abs)        000FCA
_T3GPPSbits                                    (abs)        000EA8
_T5CLK                                         (abs)        000FC6
_T5CON                                         (abs)        000FC3
_T5CONbits                                     (abs)        000FC3
_T5GATE                                        (abs)        000FC5
_T5GCON                                        (abs)        000FC4
_T5GCONbits                                    (abs)        000FC4
_TMR0H                                         (abs)        000FD4
_TMR0L                                         (abs)        000FD3
_TMR0_HasOverflowOccured                       text57       003DC8
_TMR0_Initialize                               text64       00373C
_TMR0_ReadTimer                                text51       003B5E
_TMR0_Reload                                   text49       003E7C
_TMR0_StartTimer                               text48       003EAA
_TMR0_StopTimer                                text47       003EA6
_TMR0_WriteTimer                               text46       003E70
_TMR1G_InterruptHandler                        nvBANK0      0000DE
_TMR1G_SetInterruptHandler                     text6        003D90
_TMR1H                                         (abs)        000FCE
_TMR1L                                         (abs)        000FCD
_TMR1_GATE_ISR                                 text100      003978
_TMR1_HasOverflowOccured                       text93       003E38
_TMR1_Initialize                               text63       003488
_TMR1_ReadTimer                                text104      003BBE
_TMR1_Reload                                   text102      003E54
_TMR1_StartSinglePulseAcquisition              text5        003EA2
_TMR1_WriteTimer                               text103      003C74
_TMR2                                          (abs)        000FBB
_TMR2_Initialize                               text62       003C1E
_TMR3G_InterruptHandler                        nvBANK0      0000DB
_TMR3G_SetInterruptHandler                     text4        003D82
_TMR3H                                         (abs)        000FC8
_TMR3L                                         (abs)        000FC7
_TMR3_GATE_ISR                                 text95       003950
_TMR3_HasOverflowOccured                       text92       003E2A
_TMR3_Initialize                               text61       003448
_TMR3_ReadTimer                                text99       003B9E
_TMR3_Reload                                   text97       003E46
_TMR3_StartSinglePulseAcquisition              text3        003E9E
_TMR3_WriteTimer                               text98       003C58
_TMR5H                                         (abs)        000FC2
_TMR5L                                         (abs)        000FC1
_TMR5_CallBack                                 text78       003ACE
_TMR5_DefaultInterruptHandler                  text79       003EC0
_TMR5_ISR                                      text76       003CD4
_TMR5_Initialize                               text59       0033AC
_TMR5_InterruptHandler                         nvBANK0      0000D8
_TMR5_SetInterruptHandler                      text60       003DD6
_TMR5_WriteTimer                               text77       003B7E
_TRISA                                         (abs)        000F88
_TRISB                                         (abs)        000F89
_TRISC                                         (abs)        000F8A
_TRISD                                         (abs)        000F8B
_TRISE                                         (abs)        000F8C
_WPUA                                          (abs)        000F10
_WPUB                                          (abs)        000F18
_WPUC                                          (abs)        000F20
_WPUD                                          (abs)        000F25
_WPUE                                          (abs)        000F2D
__CFG_BOREN$OFF                                (abs)        000000
__CFG_BORV$VBOR_2P45                           (abs)        000000
__CFG_CLKOUTEN$OFF                             (abs)        000000
__CFG_CP$OFF                                   (abs)        000000
__CFG_CPD$OFF                                  (abs)        000000
__CFG_CSWEN$ON                                 (abs)        000000
__CFG_DEBUG$OFF                                (abs)        000000
__CFG_EBTR0$OFF                                (abs)        000000
__CFG_EBTR1$OFF                                (abs)        000000
__CFG_EBTR2$OFF                                (abs)        000000
__CFG_EBTR3$OFF                                (abs)        000000
__CFG_EBTR4$OFF                                (abs)        000000
__CFG_EBTR5$OFF                                (abs)        000000
__CFG_EBTR6$OFF                                (abs)        000000
__CFG_EBTR7$OFF                                (abs)        000000
__CFG_EBTRB$OFF                                (abs)        000000
__CFG_FCMEN$ON                                 (abs)        000000
__CFG_FEXTOSC$OFF                              (abs)        000000
__CFG_LPBOREN$OFF                              (abs)        000000
__CFG_LVP$OFF                                  (abs)        000000
__CFG_MCLRE$EXTMCLR                            (abs)        000000
__CFG_PPS1WAY$ON                               (abs)        000000
__CFG_PWRTE$OFF                                (abs)        000000
__CFG_RSTOSC$HFINTOSC_1MHZ                     (abs)        000000
__CFG_SCANE$ON                                 (abs)        000000
__CFG_STVREN$ON                                (abs)        000000
__CFG_WDTCCS$HFINTOSC                          (abs)        000000
__CFG_WDTCPS$WDTCPS_0                          (abs)        000000
__CFG_WDTCWS$WDTCWS_0                          (abs)        000000
__CFG_WDTE$OFF                                 (abs)        000000
__CFG_WRT0$OFF                                 (abs)        000000
__CFG_WRT1$OFF                                 (abs)        000000
__CFG_WRT2$OFF                                 (abs)        000000
__CFG_WRT3$OFF                                 (abs)        000000
__CFG_WRT4$OFF                                 (abs)        000000
__CFG_WRT5$OFF                                 (abs)        000000
__CFG_WRT6$OFF                                 (abs)        000000
__CFG_WRT7$OFF                                 (abs)        000000
__CFG_WRTB$OFF                                 (abs)        000000
__CFG_WRTC$OFF                                 (abs)        000000
__CFG_WRTD$OFF                                 (abs)        000000
__CFG_XINST$OFF                                (abs)        000000
__CFG_ZCD$OFF                                  (abs)        000000
__HRAM                                         (abs)        000000
__Habs1                                        abs1         000000
__Hbank0                                       bank0        000000
__Hbank1                                       bank1        000000
__Hbank10                                      bank10       000000
__Hbank11                                      bank11       000000
__Hbank12                                      bank12       000000
__Hbank13                                      bank13       000000
__Hbank14                                      bank14       000000
__Hbank2                                       bank2        000000
__Hbank3                                       bank3        000000
__Hbank4                                       bank4        000000
__Hbank5                                       bank5        000000
__Hbank6                                       bank6        000000
__Hbank7                                       bank7        000000
__Hbank8                                       bank8        000000
__Hbank9                                       bank9        000000
__Hbigbss                                      bigbss       000000
__Hbigdata                                     bigdata      000000
__Hbigram                                      bigram       000000
__Hbss                                         bss          000000
__HbssBANK0                                    bssBANK0     000000
__HbssBANK1                                    bssBANK1     000000
__HbssCOMRAM                                   bssCOMRAM    000000
__Hcinit                                       cinit        000000
__Hclrtext                                     clrtext      000000
__Hcomram                                      comram       000000
__Hconfig                                      config       30000C
__Hconst                                       const        000000
__HcstackBANK0                                 cstackBANK0  000000
__HcstackBANK1                                 cstackBANK1  000000
__HcstackCOMRAM                                cstackCOMRAM 000000
__Hdata                                        data         000000
__Heeprom_data                                 eeprom_data  000000
__Hfarbss                                      farbss       000000
__Hfardata                                     fardata      000000
__Hibigdata                                    ibigdata     000000
__Hidata                                       idata        000000
__Hidloc                                       idloc        200010
__Hifardata                                    ifardata     000000
__Hinit                                        init         0000D6
__Hintcode                                     intcode      00000E
__Hintcode_body                                intcode_body 000000
__Hintcodelo                                   intcodelo    0000D2
__Hintentry                                    intentry     000000
__Hintret                                      intret       000000
__Hintsave_regs                                intsave_regs 000000
__Hirdata                                      irdata       000000
__Hmediumconst                                 mediumconst  000000
__HnvBANK0                                     nvBANK0      000000
__HnvBANK1                                     nvBANK1      000000
__HnvFARRAM                                    nvFARRAM     000000
__Hnvbit                                       nvbit        000000
__Hnvrram                                      nvrram       000000
__Hparam                                       rparam       000000
__Hpowerup                                     powerup      0000D2
__Hram                                         ram          000000
__Hramtop                                      ramtop       000F00
__Hrbit                                        rbit         000000
__Hrbss                                        rbss         000000
__Hrdata                                       rdata        000000
__Hreset_vec                                   reset_vec    000004
__Hrparam                                      rparam       000000
__Hsfr                                         sfr          000000
__Hsmallconst                                  smallconst   000F3C
__Hspace_0                                     (abs)        30000C
__Hspace_1                                     (abs)        00015E
__Hspace_2                                     (abs)        000000
__Hstack                                       stack        000000
__Hstruct                                      struct       000000
__Htemp                                        temp         000060
__Htext                                        text         000000
__Htext0                                       text0        000000
__Htext1                                       text1        000000
__Htext10                                      text10       000000
__Htext100                                     text100      000000
__Htext101                                     text101      000000
__Htext102                                     text102      000000
__Htext103                                     text103      000000
__Htext104                                     text104      000000
__Htext105                                     text105      000000
__Htext106                                     text106      000000
__Htext107                                     text107      000000
__Htext108                                     text108      000000
__Htext109                                     text109      000000
__Htext11                                      text11       000000
__Htext110                                     text110      000000
__Htext111                                     text111      000000
__Htext112                                     text112      000000
__Htext113                                     text113      000000
__Htext114                                     text114      000000
__Htext115                                     text115      000000
__Htext116                                     text116      000000
__Htext117                                     text117      000000
__Htext118                                     text118      000000
__Htext119                                     text119      000000
__Htext12                                      text12       000000
__Htext120                                     text120      000000
__Htext121                                     text121      000000
__Htext122                                     text122      000000
__Htext123                                     text123      000000
__Htext124                                     text124      000000
__Htext125                                     text125      000000
__Htext126                                     text126      000000
__Htext127                                     text127      000000
__Htext128                                     text128      000000
__Htext129                                     text129      000000
__Htext13                                      text13       000000
__Htext130                                     text130      000000
__Htext131                                     text131      000000
__Htext132                                     text132      000000
__Htext133                                     text133      000000
__Htext134                                     text134      000000
__Htext135                                     text135      000000
__Htext136                                     text136      000000
__Htext137                                     text137      000000
__Htext138                                     text138      000000
__Htext139                                     text139      000000
__Htext14                                      text14       000000
__Htext15                                      text15       000000
__Htext16                                      text16       000000
__Htext17                                      text17       000000
__Htext18                                      text18       000000
__Htext19                                      text19       000000
__Htext2                                       text2        000000
__Htext20                                      text20       000000
__Htext21                                      text21       000000
__Htext22                                      text22       000000
__Htext23                                      text23       000000
__Htext24                                      text24       000000
__Htext25                                      text25       000000
__Htext26                                      text26       000000
__Htext27                                      text27       000000
__Htext28                                      text28       000000
__Htext29                                      text29       000000
__Htext3                                       text3        000000
__Htext30                                      text30       000000
__Htext31                                      text31       000000
__Htext32                                      text32       000000
__Htext33                                      text33       000000
__Htext34                                      text34       000000
__Htext35                                      text35       000000
__Htext36                                      text36       000000
__Htext37                                      text37       000000
__Htext38                                      text38       000000
__Htext39                                      text39       000000
__Htext4                                       text4        000000
__Htext40                                      text40       000000
__Htext41                                      text41       000000
__Htext42                                      text42       000000
__Htext43                                      text43       000000
__Htext44                                      text44       000000
__Htext45                                      text45       000000
__Htext46                                      text46       000000
__Htext47                                      text47       000000
__Htext48                                      text48       000000
__Htext49                                      text49       000000
__Htext5                                       text5        000000
__Htext50                                      text50       000000
__Htext51                                      text51       000000
__Htext52                                      text52       000000
__Htext53                                      text53       000000
__Htext54                                      text54       000000
__Htext55                                      text55       000000
__Htext56                                      text56       000000
__Htext57                                      text57       000000
__Htext58                                      text58       000000
__Htext59                                      text59       000000
__Htext6                                       text6        000000
__Htext60                                      text60       000000
__Htext61                                      text61       000000
__Htext62                                      text62       000000
__Htext63                                      text63       000000
__Htext64                                      text64       000000
__Htext65                                      text65       000000
__Htext66                                      text66       000000
__Htext67                                      text67       000000
__Htext68                                      text68       000000
__Htext69                                      text69       000000
__Htext7                                       text7        000000
__Htext70                                      text70       000000
__Htext71                                      text71       000000
__Htext72                                      text72       000000
__Htext73                                      text73       000000
__Htext74                                      text74       000000
__Htext76                                      text76       000000
__Htext77                                      text77       000000
__Htext78                                      text78       000000
__Htext79                                      text79       000000
__Htext8                                       text8        000000
__Htext80                                      text80       000000
__Htext81                                      text81       000000
__Htext82                                      text82       000000
__Htext83                                      text83       000000
__Htext84                                      text84       000000
__Htext85                                      text85       000000
__Htext86                                      text86       000000
__Htext87                                      text87       000000
__Htext88                                      text88       000000
__Htext89                                      text89       000000
__Htext9                                       text9        000000
__Htext90                                      text90       000000
__Htext91                                      text91       000000
__Htext92                                      text92       000000
__Htext93                                      text93       000000
__Htext95                                      text95       000000
__Htext96                                      text96       000000
__Htext97                                      text97       000000
__Htext98                                      text98       000000
__Htext99                                      text99       000000
__LRAM                                         (abs)        000001
__Labs1                                        abs1         000000
__Lbank0                                       bank0        000000
__Lbank1                                       bank1        000000
__Lbank10                                      bank10       000000
__Lbank11                                      bank11       000000
__Lbank12                                      bank12       000000
__Lbank13                                      bank13       000000
__Lbank14                                      bank14       000000
__Lbank2                                       bank2        000000
__Lbank3                                       bank3        000000
__Lbank4                                       bank4        000000
__Lbank5                                       bank5        000000
__Lbank6                                       bank6        000000
__Lbank7                                       bank7        000000
__Lbank8                                       bank8        000000
__Lbank9                                       bank9        000000
__Lbigbss                                      bigbss       000000
__Lbigdata                                     bigdata      000000
__Lbigram                                      bigram       000000
__Lbss                                         bss          000000
__LbssBANK0                                    bssBANK0     000000
__LbssBANK1                                    bssBANK1     000000
__LbssCOMRAM                                   bssCOMRAM    000000
__Lcinit                                       cinit        000000
__Lclrtext                                     clrtext      000000
__Lcomram                                      comram       000000
__Lconfig                                      config       300000
__Lconst                                       const        000000
__LcstackBANK0                                 cstackBANK0  000000
__LcstackBANK1                                 cstackBANK1  000000
__LcstackCOMRAM                                cstackCOMRAM 000000
__Ldata                                        data         000000
__Leeprom_data                                 eeprom_data  000000
__Lfarbss                                      farbss       000000
__Lfardata                                     fardata      000000
__Libigdata                                    ibigdata     000000
__Lidata                                       idata        000000
__Lidloc                                       idloc        200000
__Lifardata                                    ifardata     000000
__Linit                                        init         0000D2
__Lintcode                                     intcode      000008
__Lintcode_body                                intcode_body 000000
__Lintcodelo                                   intcodelo    000018
__Lintentry                                    intentry     000000
__Lintret                                      intret       000000
__Lintsave_regs                                intsave_regs 000000
__Lirdata                                      irdata       000000
__Lmediumconst                                 mediumconst  000000
__LnvBANK0                                     nvBANK0      000000
__LnvBANK1                                     nvBANK1      000000
__LnvFARRAM                                    nvFARRAM     000000
__Lnvbit                                       nvbit        000000
__Lnvrram                                      nvrram       000000
__Lparam                                       rparam       000000
__Lpowerup                                     powerup      0000D2
__Lram                                         ram          000000
__Lramtop                                      ramtop       000F00
__Lrbit                                        rbit         000000
__Lrbss                                        rbss         000000
__Lrdata                                       rdata        000000
__Lreset_vec                                   reset_vec    000000
__Lrparam                                      rparam       000000
__Lsfr                                         sfr          000000
__Lsmallconst                                  smallconst   000F00
__Lspace_0                                     (abs)        000000
__Lspace_1                                     (abs)        000000
__Lspace_2                                     (abs)        000000
__Lstack                                       stack        000000
__Lstruct                                      struct       000000
__Ltemp                                        temp         00005F
__Ltext                                        text         000000
__Ltext0                                       text0        000000
__Ltext1                                       text1        000000
__Ltext10                                      text10       000000
__Ltext100                                     text100      000000
__Ltext101                                     text101      000000
__Ltext102                                     text102      000000
__Ltext103                                     text103      000000
__Ltext104                                     text104      000000
__Ltext105                                     text105      000000
__Ltext106                                     text106      000000
__Ltext107                                     text107      000000
__Ltext108                                     text108      000000
__Ltext109                                     text109      000000
__Ltext11                                      text11       000000
__Ltext110                                     text110      000000
__Ltext111                                     text111      000000
__Ltext112                                     text112      000000
__Ltext113                                     text113      000000
__Ltext114                                     text114      000000
__Ltext115                                     text115      000000
__Ltext116                                     text116      000000
__Ltext117                                     text117      000000
__Ltext118                                     text118      000000
__Ltext119                                     text119      000000
__Ltext12                                      text12       000000
__Ltext120                                     text120      000000
__Ltext121                                     text121      000000
__Ltext122                                     text122      000000
__Ltext123                                     text123      000000
__Ltext124                                     text124      000000
__Ltext125                                     text125      000000
__Ltext126                                     text126      000000
__Ltext127                                     text127      000000
__Ltext128                                     text128      000000
__Ltext129                                     text129      000000
__Ltext13                                      text13       000000
__Ltext130                                     text130      000000
__Ltext131                                     text131      000000
__Ltext132                                     text132      000000
__Ltext133                                     text133      000000
__Ltext134                                     text134      000000
__Ltext135                                     text135      000000
__Ltext136                                     text136      000000
__Ltext137                                     text137      000000
__Ltext138                                     text138      000000
__Ltext139                                     text139      000000
__Ltext14                                      text14       000000
__Ltext15                                      text15       000000
__Ltext16                                      text16       000000
__Ltext17                                      text17       000000
__Ltext18                                      text18       000000
__Ltext19                                      text19       000000
__Ltext2                                       text2        000000
__Ltext20                                      text20       000000
__Ltext21                                      text21       000000
__Ltext22                                      text22       000000
__Ltext23                                      text23       000000
__Ltext24                                      text24       000000
__Ltext25                                      text25       000000
__Ltext26                                      text26       000000
__Ltext27                                      text27       000000
__Ltext28                                      text28       000000
__Ltext29                                      text29       000000
__Ltext3                                       text3        000000
__Ltext30                                      text30       000000
__Ltext31                                      text31       000000
__Ltext32                                      text32       000000
__Ltext33                                      text33       000000
__Ltext34                                      text34       000000
__Ltext35                                      text35       000000
__Ltext36                                      text36       000000
__Ltext37                                      text37       000000
__Ltext38                                      text38       000000
__Ltext39                                      text39       000000
__Ltext4                                       text4        000000
__Ltext40                                      text40       000000
__Ltext41                                      text41       000000
__Ltext42                                      text42       000000
__Ltext43                                      text43       000000
__Ltext44                                      text44       000000
__Ltext45                                      text45       000000
__Ltext46                                      text46       000000
__Ltext47                                      text47       000000
__Ltext48                                      text48       000000
__Ltext49                                      text49       000000
__Ltext5                                       text5        000000
__Ltext50                                      text50       000000
__Ltext51                                      text51       000000
__Ltext52                                      text52       000000
__Ltext53                                      text53       000000
__Ltext54                                      text54       000000
__Ltext55                                      text55       000000
__Ltext56                                      text56       000000
__Ltext57                                      text57       000000
__Ltext58                                      text58       000000
__Ltext59                                      text59       000000
__Ltext6                                       text6        000000
__Ltext60                                      text60       000000
__Ltext61                                      text61       000000
__Ltext62                                      text62       000000
__Ltext63                                      text63       000000
__Ltext64                                      text64       000000
__Ltext65                                      text65       000000
__Ltext66                                      text66       000000
__Ltext67                                      text67       000000
__Ltext68                                      text68       000000
__Ltext69                                      text69       000000
__Ltext7                                       text7        000000
__Ltext70                                      text70       000000
__Ltext71                                      text71       000000
__Ltext72                                      text72       000000
__Ltext73                                      text73       000000
__Ltext74                                      text74       000000
__Ltext76                                      text76       000000
__Ltext77                                      text77       000000
__Ltext78                                      text78       000000
__Ltext79                                      text79       000000
__Ltext8                                       text8        000000
__Ltext80                                      text80       000000
__Ltext81                                      text81       000000
__Ltext82                                      text82       000000
__Ltext83                                      text83       000000
__Ltext84                                      text84       000000
__Ltext85                                      text85       000000
__Ltext86                                      text86       000000
__Ltext87                                      text87       000000
__Ltext88                                      text88       000000
__Ltext89                                      text89       000000
__Ltext9                                       text9        000000
__Ltext90                                      text90       000000
__Ltext91                                      text91       000000
__Ltext92                                      text92       000000
__Ltext93                                      text93       000000
__Ltext95                                      text95       000000
__Ltext96                                      text96       000000
__Ltext97                                      text97       000000
__Ltext98                                      text98       000000
__Ltext99                                      text99       000000
__S0                                           (abs)        30000C
__S1                                           (abs)        00015E
__S2                                           (abs)        000000
___awdiv                                       text33       002E14
___awdiv@counter                               cstackBANK1  000104
___awdiv@dividend                              cstackBANK1  000100
___awdiv@divisor                               cstackBANK1  000102
___awdiv@quotient                              cstackBANK1  000106
___awdiv@sign                                  cstackBANK1  000105
___ftadd                                       text44       001834
___ftadd@exp1                                  cstackBANK1  000128
___ftadd@exp2                                  cstackBANK1  000127
___ftadd@f1                                    cstackBANK1  00011D
___ftadd@f2                                    cstackBANK1  000120
___ftadd@sign                                  cstackBANK1  000126
___ftdiv                                       text43       00237E
___ftdiv@cntr                                  cstackBANK1  000114
___ftdiv@exp                                   cstackBANK1  000118
___ftdiv@f1                                    cstackBANK1  00010B
___ftdiv@f2                                    cstackBANK1  00010E
___ftdiv@f3                                    cstackBANK1  000115
___ftdiv@sign                                  cstackBANK1  000119
[...]
  f2              3   32[COMRAM] float 
 Auto vars:     Size  Location     Type
  __ftadd         1   40[COMRAM] unsigned char 
  __ftadd         1   39[COMRAM] unsigned char 
  __ftadd         1   38[COMRAM] unsigned char 
 Return value:  Size  Location     Type
                  3   29[COMRAM] float 
 Registers used:
		wreg, status,2, status,0, cstack
 Tracked objects:
		On entry : 
		On exit  : 
		Unchanged: 
 Data sizes:     COMRAM   BANK0   BANK1   BANK2   BANK3   BANK4   BANK5   BANK6   BANK7   BANK8   BANK9  BANK10  BANK11  BANK12  BANK13  BANK14
      Params:         6       0       0       0       0       0       0       0       0       0       0       0       0       0       0       0
      Locals:         3       0       0       0       0       0       0       0       0       0       0       0       0       0       0       0
      Temps:          3       0       0       0       0       0       0       0       0       0       0       0       0       0       0       0
      Totals:        12       0       0       0       0       0       0       0       0       0       0       0       0       0       0       0
Total ram usage:       12 bytes
 Hardware stack levels used:    1
 Hardware stack levels required when called:    1
 This function calls:
		i2___ftpack
 This function is called by:
		i2_delayTmr
 This function uses a non-reentrant model


 *************** function i2_TMR0_WriteTimer *****************
 Defined at:
		line 113 in file "mcc_generated_files/tmr0.c"
 Parameters:    Size  Location     Type
  timerVal        2   56[COMRAM] unsigned int 
 Auto vars:     Size  Location     Type
		None
 Return value:  Size  Location     Type
                  1    wreg      void 
 Registers used:
		wreg, status,2
 Tracked objects:
		On entry : 
		On exit  : 
		Unchanged: 
 Data sizes:     COMRAM   BANK0   BANK1   BANK2   BANK3   BANK4   BANK5   BANK6   BANK7   BANK8   BANK9  BANK10  BANK11  BANK12  BANK13  BANK14
      Params:         2       0       0       0       0       0       0       0       0       0       0       0       0       0       0       0
      Locals:         0       0       0       0       0       0       0       0       0       0       0       0       0       0       0       0
      Temps:          0       0       0       0       0       0       0       0       0       0       0       0       0       0       0       0
      Totals:         2       0       0       0       0       0       0       0       0       0       0       0       0       0       0       0
Total ram usage:        2 bytes
 Hardware stack levels used:    1
 This function calls:
		Nothing
 This function is called by:
		i2_delayTmr
 This function uses a non-reentrant model


 *************** function i2_TMR0_StopTimer *****************
 Defined at:
		line 94 in file "mcc_generated_files/tmr0.c"
 Parameters:    Size  Location     Type
		None
 Auto vars:     Size  Location     Type
		None
 Return value:  Size  Location     Type
                  1    wreg      void 
 Registers used:
		None
 Tracked objects:
		On entry : 
		On exit  : 
		Unchanged: 
 Data sizes:     COMRAM   BANK0   BANK1   BANK2   BANK3   BANK4   BANK5   BANK6   BANK7   BANK8   BANK9  BANK10  BANK11  BANK12  BANK13  BANK14
      Params:         0       0       0       0       0       0       0       0       0       0       0       0       0       0       0       0
      Locals:         0       0       0       0       0       0       0       0       0       0       0       0       0       0       0       0
      Temps:          0       0       0       0       0       0       0       0       0       0       0       0       0       0       0       0
      Totals:         0       0       0       0       0       0       0       0       0       0       0       0       0       0       0       0
Total ram usage:        0 bytes
 Hardware stack levels used:    1
 This function calls:
		Nothing
 This function is called by:
		i2_delayTmr
 This function uses a non-reentrant model


 *************** function i2_TMR0_StartTimer *****************
 Defined at:
		line 88 in file "mcc_generated_files/tmr0.c"
 Parameters:    Size  Location     Type
		None
 Auto vars:     Size  Location     Type
		None
 Return value:  Size  Location     Type
                  1    wreg      void 
 Registers used:
		None
 Tracked objects:
		On entry : 
		On exit  : 
		Unchanged: 
 Data sizes:     COMRAM   BANK0   BANK1   BANK2   BANK3   BANK4   BANK5   BANK6   BANK7   BANK8   BANK9  BANK10  BANK11  BANK12  BANK13  BANK14
      Params:         0       0       0       0       0       0       0       0       0       0       0       0       0       0       0       0
      Locals:         0       0       0       0       0       0       0       0       0       0       0       0       0       0       0       0
      Temps:          0       0       0       0       0       0       0       0       0       0       0       0       0       0       0       0
      Totals:         0       0       0       0       0       0       0       0       0       0       0       0       0       0       0       0
Total ram usage:        0 bytes
 Hardware stack levels used:    1
 This function calls:
		Nothing
 This function is called by:
		i2_delayTmr
 This function uses a non-reentrant model


 *************** function i2_TMR0_Reload *****************
 Defined at:
		line 120 in file "mcc_generated_files/tmr0.c"
 Parameters:    Size  Location     Type
		None
 Auto vars:     Size  Location     Type
		None
 Return value:  Size  Location     Type
                  1    wreg      void 
 Registers used:
		wreg, status,2
 Tracked objects:
		On entry : 
		On exit  : 
		Unchanged: 
 Data sizes:     COMRAM   BANK0   BANK1   BANK2   BANK3   BANK4   BANK5   BANK6   BANK7   BANK8   BANK9  BANK10  BANK11  BANK12  BANK13  BANK14
      Params:         0       0       0       0       0       0       0       0       0       0       0       0       0       0       0       0
      Locals:         0       0       0       0       0       0       0       0       0       0       0       0       0       0       0       0
      Temps:          0       0       0       0       0       0       0       0       0       0       0       0       0       0       0       0
      Totals:         0       0       0       0       0       0       0       0       0       0       0       0       0       0       0       0
Total ram usage:        0 bytes
 Hardware stack levels used:    1
 This function calls:
		Nothing
 This function is called by:
		i2_delayTmr
 This function uses a non-reentrant model


 *************** function i2___ftmul *****************
 Defined at:
		line 62 in file "C:\Program Files (x86)\Microchip\xc8\v1.44\sources\common\ftmul.c"
 Parameters:    Size  Location     Type
  f1              3   11[COMRAM] float 
  f2              3   14[COMRAM] float 
 Auto vars:     Size  Location     Type
  __ftmul         3   21[COMRAM] unsigned um
  __ftmul         1   25[COMRAM] unsigned char 
  __ftmul         1   24[COMRAM] unsigned char 
  __ftmul         1   20[COMRAM] unsigned char 
 Return value:  Size  Location     Type
                  3   11[COMRAM] float 
 Registers used:
		wreg, status,2, status,0, cstack
 Tracked objects:
		On entry : 
		On exit  : 
		Unchanged: 
 Data sizes:     COMRAM   BANK0   BANK1   BANK2   BANK3   BANK4   BANK5   BANK6   BANK7   BANK8   BANK9  BANK10  BANK11  BANK12  BANK13  BANK14
      Params:         6       0       0       0       0       0       0       0       0       0       0       0       0       0       0       0
      Locals:         6       0       0       0       0       0       0       0       0       0       0       0       0       0       0       0
      Temps:          3       0       0       0       0       0       0       0       0       0       0       0       0       0       0       0
      Totals:        15       0       0       0       0       0       0       0       0       0       0       0       0       0       0       0
Total ram usage:       15 bytes
 Hardware stack levels used:    1
 Hardware stack levels required when called:    1
 This function calls:
		i2___ftpack
 This function is called by:
		i2_girarXgradosizquierda
		i2_girarXgradosderecha
 This function uses a non-reentrant model


 *************** function i2___ftpack *****************
 Defined at:
		line 62 in file "C:\Program Files (x86)\Microchip\xc8\v1.44\sources\common\float.c"
 Parameters:    Size  Location     Type
  arg             3    0[COMRAM] unsigned um
  exp             1    3[COMRAM] unsigned char 
  sign            1    4[COMRAM] unsigned char 
 Auto vars:     Size  Location     Type
		None
 Return value:  Size  Location     Type
                  3    0[COMRAM] float 
 Registers used:
		wreg, status,2, status,0
 Tracked objects:
		On entry : 
		On exit  : 
		Unchanged: 
 Data sizes:     COMRAM   BANK0   BANK1   BANK2   BANK3   BANK4   BANK5   BANK6   BANK7   BANK8   BANK9  BANK10  BANK11  BANK12  BANK13  BANK14
      Params:         5       0       0       0       0       0       0       0       0       0       0       0       0       0       0       0
      Locals:         0       0       0       0       0       0       0       0       0       0       0       0       0       0       0       0
      Temps:          3       0       0       0       0       0       0       0       0       0       0       0       0       0       0       0
      Totals:         8       0       0       0       0       0       0       0       0       0       0       0       0       0       0       0
Total ram usage:        8 bytes
 Hardware stack levels used:    1
 This function calls:
		Nothing
 This function is called by:
		i2___ftadd
		i2___ftdiv
		i2___ftmul
		i2___lwtoft
 This function uses a non-reentrant model



MODULE INFORMATION

Module		Function		Class		Link	Load	Size
tacticas.c
		_tactica_default		CODE           	3EBE	0000	3
		_tacticas_init 		CODE           	3856	0000	43
		_tactica_ejecutar		CODE           	3AAA	0000	37
		_tactica_back_1		CODE           	33FC	0000	77
		_tactica_left_1		CODE           	35C0	0000	57
		_tactica_elegir		CODE           	3D9E	0000	15
		_elegirTactica 		CODE           	1B8E	0000	289
		_tactica_right_1		CODE           	3668	0000	57
		_tactica_front_1		CODE           	3630	0000	57
		_tactica_front_2		CODE           	35F8	0000	57

tacticas.c estimated size: 692

api_locomocion.c
		_girarXgradosderecha		CODE           	2F90	0000	113
		_giroLeveIzquierdaRetroceder		CODE           	3506	0000	63
		_detenerse     		CODE           	3DBA	0000	15
		_marcharAtrasTiempo		CODE           	39EC	0000	39
		_girarXgradosizquierda		CODE           	3000	0000	113
		_marcharAdelanteTiempo		CODE           	39C6	0000	39
		_giroLeveDerechaAvanzar		CODE           	3544	0000	63
		_giroLeveDerechaRetroceder		CODE           	3582	0000	63
		_giroLeveIzquierdaAvanzar		CODE           	34C8	0000	63
		_marcharAtras  		CODE           	3D3A	0000	19
		_marcharAdelante		CODE           	3D4C	0000	19

api_locomocion.c estimated size: 609

mcc_generated_files/pwm4.c
		_PWM4_Initialize		CODE           	3CA8	0000	23
		_PWM4_LoadDutyValue		CODE           	36D4	0000	53

mcc_generated_files/pwm4.c estimated size: 76

C:\Program Files (x86)\Microchip\xc8\v1.44\sources\common\lwtoft.c
		___lwtoft      		CODE           	3A12	0000	39

C:\Program Files (x86)\Microchip\xc8\v1.44\sources\common\lwtoft.c estimated size: 39

mcc_generated_files/tmr2.c
		_TMR2_Initialize		CODE           	3C1E	0000	31

mcc_generated_files/tmr2.c estimated size: 31

logica.c
		_getLowestDistanceOnSensors_func		CODE           	3140	0000	95
		_buscar_t_init 		CODE           	3708	0000	53
		_buscarEnemigo 		CODE           	0F3C	0000	1191
		_detectarPosInicio		CODE           	3DAC	0000	15

logica.c estimated size: 1354

mcc_generated_files/interrupt_manager.c
		_INTERRUPT_Initialize		CODE           	3E1C	0000	15
		_INTERRUPT_InterruptManagerLow		CODE           	0018	0000	187
		_INTERRUPT_InterruptManagerHigh		CODE           	0008	0000	191

mcc_generated_files/interrupt_manager.c estimated size: 393

api_detectorDeBordes.c
		_borde_detectado		CODE           	2F1E	0000	115

api_detectorDeBordes.c estimated size: 115

mcc_generated_files/tmr0.c
		_TMR0_StopTimer		CODE           	3EA6	0000	5
		_TMR0_Reload   		CODE           	3E7C	0000	13
		_TMR0_WriteTimer		CODE           	3E70	0000	13
		_TMR0_StartTimer		CODE           	3EAA	0000	5
		_TMR0_ReadTimer		CODE           	3B5E	0000	33
		_TMR0_HasOverflowOccured		CODE           	3DC8	0000	15
		_TMR0_Initialize		CODE           	373C	0000	53

mcc_generated_files/tmr0.c estimated size: 137

C:\Program Files (x86)\Microchip\xc8\v1.44\sources\common\ftmul.c
		___ftmul       		CODE           	1FAA	0000	247

C:\Program Files (x86)\Microchip\xc8\v1.44\sources\common\ftmul.c estimated size: 247

math_routines.c
		_findClosest   		CODE           	1628	0000	525
		_getClosest    		CODE           	3256	0000	91

math_routines.c estimated size: 616

drv_ultrasonicos.c
		_tomaRealizadaT1G		CODE           	2CDC	0000	165
		_tomaRealizadaT3G		CODE           	2C36	0000	167
		_usonic_tick   		CODE           	2E9A	0000	133
		_usonic_init   		CODE           	27EC	0000	201
		_pulsoCapturadoTimer1		CODE           	3D00	0000	23
		_computarMedicion		CODE           	13E2	0000	583
		_usonic_trigger		CODE           	319E	0000	93
		_pulsoCapturadoTimer3		CODE           	3CEA	0000	23

drv_ultrasonicos.c estimated size: 1388

C:\Program Files (x86)\Microchip\xc8\v1.44\sources\common\ftdiv.c
		___ftdiv       		CODE           	237E	0000	233

C:\Program Files (x86)\Microchip\xc8\v1.44\sources\common\ftdiv.c estimated size: 233

mcc_generated_files/pin_manager.c
		_IOCBF3_DefaultInterruptHandler		CODE           	3EC8	0000	3
		_IOCBF0_ISR    		CODE           	38FE	0000	43
		_PIN_MANAGER_Initialize		CODE           	2632	0000	229
		_IOCBF3_ISR    		CODE           	3880	0000	43
		_IOCBF2_SetInterruptHandler		CODE           	3DF2	0000	15
		_IOCBF1_DefaultInterruptHandler		CODE           	3EC4	0000	3
		_IOCBF1_ISR    		CODE           	38D4	0000	43
		_IOCBF0_SetInterruptHandler		CODE           	3E0E	0000	15
		_IOCBF3_SetInterruptHandler		CODE           	3DE4	0000	15
		_IOCBF2_DefaultInterruptHandler		CODE           	3EC6	0000	3
		_PIN_MANAGER_IOC		CODE           	3AF2	0000	37
		_IOCBF2_ISR    		CODE           	38AA	0000	43
		_IOCBF1_SetInterruptHandler		CODE           	3E00	0000	15
		_IOCBF0_DefaultInterruptHandler		CODE           	3EC2	0000	3

mcc_generated_files/pin_manager.c estimated size: 510

C:\Program Files (x86)\Microchip\xc8\v1.44\sources\common\lwdiv.c
		___lwdiv       		CODE           	3306	0000	85

C:\Program Files (x86)\Microchip\xc8\v1.44\sources\common\lwdiv.c estimated size: 85

drv_cny70.c
		_drv_cny70_init		CODE           	335A	0000	83
		_borde_isr     		CODE           	32B0	0000	87

drv_cny70.c estimated size: 170

C:\Program Files (x86)\Microchip\xc8\v1.44\sources\common\Umul16.c
		___wmul        		CODE           	3928	0000	41

C:\Program Files (x86)\Microchip\xc8\v1.44\sources\common\Umul16.c estimated size: 41

drv_motores.c
		_setPwmDe      		CODE           	3D28	0000	19
		_setPwmIz      		CODE           	3D16	0000	19
		_motorDe_set   		CODE           	37A0	0000	49
		_motorIz_set   		CODE           	3770	0000	49

drv_motores.c estimated size: 136

C:\Program Files (x86)\Microchip\xc8\v1.44\sources\common\fttol.c
		___fttol       		CODE           	1DBA	0000	249

C:\Program Files (x86)\Microchip\xc8\v1.44\sources\common\fttol.c estimated size: 249

mcc_generated_files/tmr5.c
		_TMR5_ISR      		CODE           	3CD4	0000	23
		_TMR5_Initialize		CODE           	33AC	0000	81
		_TMR5_SetInterruptHandler		CODE           	3DD6	0000	15
		_TMR5_DefaultInterruptHandler		CODE           	3EC0	0000	3
		_TMR5_CallBack 		CODE           	3ACE	0000	37
		_TMR5_WriteTimer		CODE           	3B7E	0000	33

mcc_generated_files/tmr5.c estimated size: 192

shared
		i2_TMR0_Reload 		CODE           	3E88	0000	13
		i2_TMR0_StopTimer		CODE           	3EB6	0000	5
		exp@coeff      		SMALLCONST     	0000	0000	0
		i2___ftneg     		CODE           	3B3A	0000	37
		i2_detenerse   		CODE           	3E62	0000	15
		i2___ftadd     		CODE           	19E2	0000	429
		i1___fttol     		CODE           	1EB2	0000	249
		i2___ftdiv     		CODE           	254C	0000	231
		i2_marcharAdelante		CODE           	3D70	0000	19
		i2___fttol     		CODE           	2196	0000	245
		i1_TMR3_StartSinglePulseAcquisition		CODE           	3EAE	0000	5
		i2_marcharAtras		CODE           	3D5E	0000	19
		i2_TMR0_WriteTimer		CODE           	3E94	0000	11
		i2_TMR0_StartTimer		CODE           	3EBA	0000	5
		i1___lwtoft    		CODE           	3A5E	0000	39
		i2___lwtoft    		CODE           	3B16	0000	37
		i1___ftmul     		CODE           	20A0	0000	247
		i2___ftmul     		CODE           	228A	0000	245
		i2___wmul      		CODE           	3A84	0000	39
		i1___ftpack    		CODE           	2AD8	0000	177
		i2_girarXgradosizquierda		CODE           	3070	0000	105
		i2___ftpack    		CODE           	2B88	0000	175
		__initialization		CODE           	39A0	0000	29
		i1_TMR1_StartSinglePulseAcquisition		CODE           	3EB2	0000	5
		i2_motorDe_set 		CODE           	382A	0000	45
		i2_motorIz_set 		CODE           	37FE	0000	45
		i2_marcharAtrasTiempo		CODE           	3BDE	0000	33
		log@coeff      		SMALLCONST     	0000	0000	0
		i2_marcharAdelanteTiempo		CODE           	3BFE	0000	33
		i2_delayTmr    		CODE           	2716	0000	215
		i1_usonic_trigger		CODE           	31FA	0000	93
		i2_girarXgradosderecha		CODE           	30D8	0000	105

shared estimated size: 2950

C:\Program Files (x86)\Microchip\xc8\v1.44\sources\common\awdiv.c
		___awdiv       		CODE           	2E14	0000	135

C:\Program Files (x86)\Microchip\xc8\v1.44\sources\common\awdiv.c estimated size: 135

C:\Program Files (x86)\Microchip\xc8\v1.44\sources\common\ftadd.c
		___ftadd       		CODE           	1834	0000	431

C:\Program Files (x86)\Microchip\xc8\v1.44\sources\common\ftadd.c estimated size: 431

mcc_generated_files/mcc.c
		_PMD_Initialize		CODE           	3C3C	0000	29
		_OSCILLATOR_Initialize		CODE           	3C90	0000	25
		_SYSTEM_Initialize		CODE           	37D0	0000	47

mcc_generated_files/mcc.c estimated size: 101

mcc_generated_files/tmr3.c
		_TMR3_HasOverflowOccured		CODE           	3E2A	0000	15
		_TMR3_GATE_ISR 		CODE           	3950	0000	41
		_TMR3_Initialize		CODE           	3448	0000	65
		_TMR3_StartSinglePulseAcquisition		CODE           	3E9E	0000	5
		_TMR3G_SetInterruptHandler		CODE           	3D82	0000	15
		_TMR3_Reload   		CODE           	3E46	0000	15
		_TMR3_WriteTimer		CODE           	3C58	0000	29
		_TMR3_ReadTimer		CODE           	3B9E	0000	33

mcc_generated_files/tmr3.c estimated size: 218

mcc_generated_files/pwm3.c
		_PWM3_Initialize		CODE           	3CBE	0000	23
		_PWM3_LoadDutyValue		CODE           	36A0	0000	53

mcc_generated_files/pwm3.c estimated size: 76

mcc_generated_files/tmr1.c
		_TMR1_Initialize		CODE           	3488	0000	65
		_TMR1_StartSinglePulseAcquisition		CODE           	3EA2	0000	5
		_TMR1G_SetInterruptHandler		CODE           	3D90	0000	15
		_TMR1_Reload   		CODE           	3E54	0000	15
		_TMR1_WriteTimer		CODE           	3C74	0000	29
		_TMR1_ReadTimer		CODE           	3BBE	0000	33
		_TMR1_HasOverflowOccured		CODE           	3E38	0000	15
		_TMR1_GATE_ISR 		CODE           	3978	0000	41

mcc_generated_files/tmr1.c estimated size: 218

C:\Program Files (x86)\Microchip\xc8\v1.44\sources\common\ftneg.c
		___ftneg       		CODE           	3A38	0000	39

C:\Program Files (x86)\Microchip\xc8\v1.44\sources\common\ftneg.c estimated size: 39

main.c
		_atacar        		CODE           	2D80	0000	149
		_main          		CODE           	1CAE	0000	269
		_acomodarse    		CODE           	28B4	0000	189
		_delayTmr      		CODE           	2466	0000	231

main.c estimated size: 838

C:\Program Files (x86)\Microchip\xc8\v1.44\sources\common\float.c
		___ftpack      		CODE           	2A28	0000	177

C:\Program Files (x86)\Microchip\xc8\v1.44\sources\common\float.c estimated size: 177

